[{"id":"clinical_NCT01967433","scientific_title":"use of diphenhydramine as an adjunctive sedative for colonoscopy in patients chronically on opioids","date":"2020-01-01","journal":"Journal of emergency nursing"},{"id":"clinical_NCT04189588","scientific_title":"phase 2 study iv quzyttir cetirizine hydrochloride injection vs v diphenhydramine","date":"2020-01-01","journal":"Journal of emergency nursing"},{"id":"clinical_NCT04237090","scientific_title":"","date":"2020-01-01","journal":"Journal of emergency nursing"},{"id":"clinical_NCT04237091","scientific_title":"feasibility of a randomized controlled clinical trial comparing the use of cetirizine to replace diphenhydramine in the prevention of reactions related to paclitaxel","date":"2020-01-01","journal":"Journal of emergency nursing"},{"id":"clinical_NCT04153396","scientific_title":"preemptive infiltration with betamethasone and ropivacaine for postoperative pain in laminoplasty or xc3xb1 laminectomy","date":"2020-01-01","journal":"H\u00f4pitaux Universitaires de Gen\u00e8ve"},{"id":"clinical_nan","scientific_title":"glucagon infusion in t1d patients with recurrent severe hypoglycemia effects on counter-regulatory responses","date":"2020-05-25","journal":"Journal of emergency nursing"},{"id":"clinical_NCT04188184","scientific_title":"tranexamic acid versus epinephrine during exploratory tympanotomy","date":"2020-04-27","journal":"Journal of emergency nursing\\xc3\\x28"}]