[{"drug": "diphenhydramine", "title": "use of diphenhydramine as an adjunctive sedative for colonoscopy in patients chronically on opioids", "ref_type": "clinical_publication", "date_mention": "2020-01-01"}, {"drug": "diphenhydramine", "title": "phase 2 study iv quzyttir cetirizine hydrochloride injection vs v diphenhydramine", "ref_type": "clinical_publication", "date_mention": "2020-01-01"}, {"drug": "diphenhydramine", "title": "feasibility of a randomized controlled clinical trial comparing the use of cetirizine to replace diphenhydramine in the prevention of reactions related to paclitaxel", "ref_type": "clinical_publication", "date_mention": "2020-01-01"}, {"drug": "epinephrine", "title": "tranexamic acid versus epinephrine during exploratory tympanotomy", "ref_type": "clinical_publication", "date_mention": "2020-04-27"}, {"drug": "betamethasone", "title": "preemptive infiltration with betamethasone and ropivacaine for postoperative pain in laminoplasty or xc3xb1 laminectomy", "ref_type": "clinical_publication", "date_mention": "2020-01-01"}, {"drug": "diphenhydramine", "title": "Journal of emergency nursing", "ref_type": "journal", "date_mention": "2020-01-01"}, {"drug": "epinephrine", "title": "Journal of emergency nursing\\xc3\\x28", "ref_type": "journal", "date_mention": "2020-04-27"}, {"drug": "betamethasone", "title": "H\u00f4pitaux Universitaires de Gen\u00e8ve", "ref_type": "journal", "date_mention": "2020-01-01"}]