[{"atccode":"drug_A04AD","drug":"diphenhydramine"},{"atccode":"drug_S03AA","drug":"tetracycline"},{"atccode":"drug_V03AB","drug":"ethanol"},{"atccode":"drug_A03BA","drug":"atropine"},{"atccode":"drug_A01AD","drug":"epinephrine"},{"atccode":"drug_6302001","drug":"isoprenaline"},{"atccode":"drug_R01AD","drug":"betamethasone"}]