[{"id":"pubmed_9","title":"gold nanoparticles synthesized from euphorbia fischeriana root by green route method alleviates the isoprenaline hydrochloride induced myocardial infarction in rats","date":"2020-01-01","journal":"Journal of photochemistry and photobiology. B, Biology"},{"id":"pubmed_10","title":"clinical implications of umbilical artery doppler changes after betamethasone administration","date":"2020-01-01","journal":"The journal of maternal-fetal & neonatal medicine"},{"id":"pubmed_11","title":"effects of topical application of betamethasone on imiquimod-induced psoriasis-like skin inflammation in mice","date":"2020-01-01","journal":"Journal of back and musculoskeletal rehabilitation"},{"id":"pubmed_12","title":"comparison of pressure release phonophoresis and dry needling in treatment of latent myofascial trigger point of upper trapezius muscle","date":"2020-01-03","journal":"Journal of back and musculoskeletal rehabilitation"},{"id":"pubmed_","title":"comparison of pressure betamethasone release phonophoresis and dry needling in treatment of latent myofascial trigger point of upper trapezius atropine muscle","date":"2020-01-03","journal":"The journal of maternal-fetal & neonatal medicine"},{"id":"pubmed_1","title":"a 44-year-old man with erythema of the face diphenhydramine neck and chest weakness and palpitations","date":"2019-01-01","journal":"Journal of emergency nursing"},{"id":"pubmed_2","title":"an evaluation of benadryl pyribenzamine and other so-called diphenhydramine antihistaminic drugs in the treatment of allergy","date":"2019-01-01","journal":"Journal of emergency nursing"},{"id":"pubmed_3","title":"diphenhydramine hydrochloride helps symptoms of ciguatera fish poisoning","date":"2019-02-01","journal":"The Journal of pediatrics"},{"id":"pubmed_4","title":"tetracycline resistance patterns of lactobacillus buchneri group strains","date":"2020-01-01","journal":"Journal of food protection"},{"id":"pubmed_5","title":"appositional tetracycline bone formation rates in the beagle","date":"2020-02-01","journal":"American journal of veterinary research"},{"id":"pubmed_6","title":"rapid reacquisition of contextual fear following extinction in mice effects of amount of extinction tetracycline acute ethanol withdrawal and ethanol intoxication","date":"2020-01-01","journal":"Psychopharmacology"},{"id":"pubmed_7","title":"the high cost of epinephrine autoinjectors and possible alternatives","date":"2020-01-02","journal":"The journal of allergy and clinical immunology. In practice"},{"id":"pubmed_8","title":"time to epinephrine treatment is associated with the risk of mortality in children who achieve sustained rosc after traumatic out-of-hospital cardiac arrest","date":"2020-01-03","journal":"The journal of allergy and clinical immunology. In practice"}]